0|1.0000000000|-1.0000000000|10|10|t|f|3|{8BUI,8BUI,8BUI}|{NULL,NULL,NULL}|{f,f,f}|POLYGON((0 -90,0 0,90 0,90 -90,0 -90))
POLYGON((0 0,1 0,1 -1,0 -1,0 0))|255
POLYGON((0 -80,1 -80,1 -81,0 -81,0 -80))|255
POLYGON((80 -80,81 -80,81 -81,80 -81,80 -80))|255
