0|1.0000000000|-1.0000000000|8|8|t|f|3|{8BUI,8BUI,8BUI}|{NULL,NULL,NULL}|{f,f,f}|POLYGON((16 -90,8 -90,0 -90,0 -88,0 -80,0 -72,0 -64,0 -56,0 -48,0 -40,0 -32,0 -24,0 -16,0 -8,0 0,8 0,16 0,24 0,32 0,40 0,48 0,56 0,64 0,72 0,80 0,88 0,90 0,90 -8,90 -16,90 -24,90 -32,90 -40,90 -48,90 -56,90 -64,90 -72,90 -80,90 -88,90 -90,88 -90,80 -90,72 -90,64 -90,56 -90,48 -90,40 -90,32 -90,24 -90,16 -90))
POLYGON((88 0,89 0,89 -1,88 -1,88 0))|255
POLYGON((88 0,89 0,89 -1,88 -1,88 0))|255
POLYGON((0 -88,1 -88,1 -89,0 -89,0 -88))|255
POLYGON((88 -88,89 -88,89 -89,88 -89,88 -88))|255
